
Awil@AWIL MINGW64 ~
$ dir Desktop/
~$DHISMAHA\ GURIGA.xlsx    Kalkaal\ Setup.lnk                WAAFI_ACTIVITY_1601653955787.pdf
Adobe\ Photoshop\ CS6.lnk  Opera\ Browser.lnk                xampp-control.exe
desktop.ini                Visual\ Studio\ Code.lnk          youtube
DHISMAHA\ GURIGA.xlsx      WAAFI_ACTIVITY_1600927121543.pdf  Zoom.lnk

Awil@AWIL MINGW64 ~
$ mkdir Desktop/
mkdir: cannot create directory ‘Desktop/’: File exists

Awil@AWIL MINGW64 ~
$ cd Desktop/

Awil@AWIL MINGW64 ~/Desktop
$ cd youtube

Awil@AWIL MINGW64 ~/Desktop/youtube (master)
$ git status
On branch master
Changes not staged for commit:
  (use "git add <file>..." to update what will be committed)
  (use "git restore <file>..." to discard changes in working directory)
        modified:   index.html

no changes added to commit (use "git add" and/or "git commit -a")

Awil@AWIL MINGW64 ~/Desktop/youtube (master)
$ git add
Nothing specified, nothing added.
hint: Maybe you wanted to say 'git add .'?
hint: Turn this message off by running
hint: "git config advice.addEmptyPathspec false"

Awil@AWIL MINGW64 ~/Desktop/youtube (master)
$ mkdir ing

Awil@AWIL MINGW64 ~/Desktop/youtube (master)
$ rmdir ing

Awil@AWIL MINGW64 ~/Desktop/youtube (master)
$ mkdir css

Awil@AWIL MINGW64 ~/Desktop/youtube (master)
$ cd css

Awil@AWIL MINGW64 ~/Desktop/youtube/css (master)
$ touch style css

Awil@AWIL MINGW64 ~/Desktop/youtube/css (master)
$ touch sytle.css

Awil@AWIL MINGW64 ~/Desktop/youtube/css (master)
$ git status
On branch master
Changes not staged for commit:
  (use "git add <file>..." to update what will be committed)
  (use "git restore <file>..." to discard changes in working directory)
        modified:   ../index.html

Untracked files:
  (use "git add <file>..." to include in what will be committed)
        ./

no changes added to commit (use "git add" and/or "git commit -a")

Awil@AWIL MINGW64 ~/Desktop/youtube/css (master)
$ git add
Nothing specified, nothing added.
hint: Maybe you wanted to say 'git add .'?
hint: Turn this message off by running
hint: "git config advice.addEmptyPathspec false"

Awil@AWIL MINGW64 ~/Desktop/youtube/css (master)
$ git status
On branch master
Changes not staged for commit:
  (use "git add <file>..." to update what will be committed)
  (use "git restore <file>..." to discard changes in working directory)
        modified:   ../index.html

Untracked files:
  (use "git add <file>..." to include in what will be committed)
        ./

no changes added to commit (use "git add" and/or "git commit -a")

Awil@AWIL MINGW64 ~/Desktop/youtube/css (master)
$ git add css
fatal: pathspec 'css' did not match any files

Awil@AWIL MINGW64 ~/Desktop/youtube/css (master)
$ git status
On branch master
Changes not staged for commit:
  (use "git add <file>..." to update what will be committed)
  (use "git restore <file>..." to discard changes in working directory)
        modified:   ../index.html

Untracked files:
  (use "git add <file>..." to include in what will be committed)
        ./

no changes added to commit (use "git add" and/or "git commit -a")

Awil@AWIL MINGW64 ~/Desktop/youtube/css (master)
$ git add css style.css
fatal: pathspec 'css' did not match any files

Awil@AWIL MINGW64 ~/Desktop/youtube/css (master)
$ cd ..

Awil@AWIL MINGW64 ~/Desktop/youtube (master)
$ git status
On branch master
Changes not staged for commit:
  (use "git add <file>..." to update what will be committed)
  (use "git restore <file>..." to discard changes in working directory)
        modified:   index.html

Untracked files:
  (use "git add <file>..." to include in what will be committed)
        css/

no changes added to commit (use "git add" and/or "git commit -a")

Awil@AWIL MINGW64 ~/Desktop/youtube (master)
$ git add .

Awil@AWIL MINGW64 ~/Desktop/youtube (master)
$ git status
On branch master
Changes to be committed:
  (use "git restore --staged <file>..." to unstage)
        new file:   css/sytle.css
        modified:   index.html


Awil@AWIL MINGW64 ~/Desktop/youtube (master)
$ git commit -m "added css file"
[master ae97f0c] added css file
 2 files changed, 5 insertions(+)
 create mode 100644 css/sytle.css

Awil@AWIL MINGW64 ~/Desktop/youtube (master)
$ git status
On branch master
nothing to commit, working tree clean

Awil@AWIL MINGW64 ~/Desktop/youtube (master)
$ touch gitignore

Awil@AWIL MINGW64 ~/Desktop/youtube (master)
$ touch log.txt

Awil@AWIL MINGW64 ~/Desktop/youtube (master)
$ git status
On branch master
Untracked files:
  (use "git add <file>..." to include in what will be committed)
        gitignore
        log.txt

nothing added to commit but untracked files present (use "git add" to track)

Awil@AWIL MINGW64 ~/Desktop/youtube (master)
$ git status
On branch master
Untracked files:
  (use "git add <file>..." to include in what will be committed)
        gitignore
        log.txt

nothing added to commit but untracked files present (use "git add" to track)

Awil@AWIL MINGW64 ~/Desktop/youtube (master)
$ git add .

Awil@AWIL MINGW64 ~/Desktop/youtube (master)
$ git commit -m "added git ignore"
[master 2e8c238] added git ignore
 2 files changed, 1 insertion(+)
 create mode 100644 gitignore
 create mode 100644 log.txt

Awil@AWIL MINGW64 ~/Desktop/youtube (master)
$ git status
On branch master
nothing to commit, working tree clean

Awil@AWIL MINGW64 ~/Desktop/youtube (master)
$
